\BOOKMARK [1][-]{Doc-Start}{\376\377\000A\000b\000s\000t\000r\000a\000c\000t}{}% 1
\BOOKMARK [1][-]{section.1}{\376\377\000I\000n\000t\000r\000o\000d\000u\000c\000t\000i\000o\000n}{}% 2
\BOOKMARK [2][-]{subsection.1.1}{\376\377\000M\000o\000t\000i\000v\000a\000t\000i\000o\000n\000\040\000a\000n\000d\000\040\000o\000b\000j\000e\000c\000t\000i\000v\000e\000s}{section.1}% 3
\BOOKMARK [2][-]{subsection.1.2}{\376\377\000P\000r\000o\000j\000e\000c\000t\000\040\000s\000c\000o\000p\000e}{section.1}% 4
\BOOKMARK [2][-]{subsection.1.3}{\376\377\000I\000m\000p\000l\000e\000m\000e\000n\000t\000a\000t\000i\000o\000n\000\040\000s\000t\000a\000t\000u\000s\000\040\000a\000n\000d\000\040\000v\000e\000r\000i\000f\000i\000c\000a\000t\000i\000o\000n\000\040\000m\000e\000t\000h\000o\000d}{section.1}% 5
\BOOKMARK [1][-]{section.2}{\376\377\000S\000y\000s\000t\000e\000m\000\040\000A\000r\000c\000h\000i\000t\000e\000c\000t\000u\000r\000e\000\040\000a\000n\000d\000\040\000D\000e\000v\000e\000l\000o\000p\000m\000e\000n\000t\000\040\000E\000n\000v\000i\000r\000o\000n\000m\000e\000n\000t}{}% 6
\BOOKMARK [2][-]{subsection.2.1}{\376\377\000P\000r\000o\000g\000r\000a\000m\000m\000i\000n\000g\000\040\000l\000a\000n\000g\000u\000a\000g\000e\000,\000\040\000A\000P\000I\000s\000\040\000a\000n\000d\000\040\000b\000u\000i\000l\000d\000\040\000c\000o\000n\000f\000i\000g\000u\000r\000a\000t\000i\000o\000n}{section.2}% 7
\BOOKMARK [2][-]{subsection.2.2}{\376\377\000P\000r\000o\000j\000e\000c\000t\000\040\000s\000o\000u\000r\000c\000e\000\040\000m\000o\000d\000u\000l\000e\000s}{section.2}% 8
\BOOKMARK [2][-]{subsection.2.3}{\376\377\000F\000r\000a\000m\000e\000\040\000p\000r\000o\000c\000e\000s\000s\000i\000n\000g\000\040\000p\000i\000p\000e\000l\000i\000n\000e}{section.2}% 9
\BOOKMARK [2][-]{subsection.2.4}{\376\377\000D\000e\000p\000e\000n\000d\000e\000n\000c\000y\000\040\000a\000n\000d\000\040\000s\000o\000u\000r\000c\000e\000\040\000o\000w\000n\000e\000r\000s\000h\000i\000p\000\040\000n\000o\000t\000e\000s}{section.2}% 10
\BOOKMARK [1][-]{section.3}{\376\377\000C\000o\000o\000r\000d\000i\000n\000a\000t\000e\000\040\000S\000y\000s\000t\000e\000m\000s\000\040\000a\000n\000d\000\040\000G\000e\000o\000m\000e\000t\000r\000i\000c\000\040\000T\000r\000a\000n\000s\000f\000o\000r\000m\000a\000t\000i\000o\000n\000s}{}% 11
\BOOKMARK [2][-]{subsection.3.1}{\376\377\000H\000o\000m\000o\000g\000e\000n\000e\000o\000u\000s\000\040\000t\000r\000a\000n\000s\000f\000o\000r\000m\000a\000t\000i\000o\000n\000s}{section.3}% 12
\BOOKMARK [2][-]{subsection.3.2}{\376\377\000F\000u\000l\000l\000\040\000h\000o\000u\000s\000e\000\040\000t\000r\000a\000n\000s\000f\000o\000r\000m\000a\000t\000i\000o\000n}{section.3}% 13
\BOOKMARK [2][-]{subsection.3.3}{\376\377\000T\000r\000a\000n\000s\000f\000o\000r\000m\000\040\000o\000r\000d\000e\000r\000\040\000a\000n\000d\000\040\000t\000h\000e\000\040\000m\000a\000t\000r\000i\000x\000\040\000s\000t\000a\000c\000k}{section.3}% 14
\BOOKMARK [2][-]{subsection.3.4}{\376\377\000W\000o\000r\000l\000d\000\040\000a\000n\000d\000\040\000l\000o\000c\000a\000l\000\040\000c\000o\000n\000v\000e\000n\000t\000i\000o\000n\000s}{section.3}% 15
\BOOKMARK [1][-]{section.4}{\376\377\000P\000r\000i\000m\000i\000t\000i\000v\000e\000\040\000G\000e\000o\000m\000e\000t\000r\000y\000\040\000a\000n\000d\000\040\000M\000e\000s\000h\000\040\000G\000e\000n\000e\000r\000a\000t\000i\000o\000n}{}% 16
\BOOKMARK [2][-]{subsection.4.1}{\376\377\000B\000o\000x\000\040\000g\000e\000o\000m\000e\000t\000r\000y}{section.4}% 17
\BOOKMARK [2][-]{subsection.4.2}{\376\377\000C\000y\000l\000i\000n\000d\000e\000r\000\040\000a\000n\000d\000\040\000c\000o\000n\000i\000c\000a\000l\000\040\000s\000u\000r\000f\000a\000c\000e\000s}{section.4}% 18
\BOOKMARK [2][-]{subsection.4.3}{\376\377\000S\000p\000h\000e\000r\000i\000c\000a\000l\000\040\000a\000n\000d\000\040\000e\000l\000l\000i\000p\000s\000o\000i\000d\000a\000l\000\040\000p\000a\000r\000t\000s}{section.4}% 19
\BOOKMARK [2][-]{subsection.4.4}{\376\377\000N\000o\000r\000m\000a\000l\000s\000,\000\040\000t\000e\000x\000t\000u\000r\000e\000\040\000c\000o\000o\000r\000d\000i\000n\000a\000t\000e\000s\000\040\000a\000n\000d\000\040\000s\000u\000r\000f\000a\000c\000e\000\040\000f\000a\000c\000e\000t\000s}{section.4}% 20
\BOOKMARK [1][-]{section.5}{\376\377\000E\000x\000t\000e\000r\000i\000o\000r\000\040\000G\000o\000t\000h\000i\000c\000\040\000A\000r\000c\000h\000i\000t\000e\000c\000t\000u\000r\000e}{}% 21
\BOOKMARK [2][-]{subsection.5.1}{\376\377\000S\000t\000o\000n\000e\000\040\000f\000o\000u\000n\000d\000a\000t\000i\000o\000n\000\040\000a\000n\000d\000\040\000p\000l\000i\000n\000t\000h}{section.5}% 22
\BOOKMARK [2][-]{subsection.5.2}{\376\377\000P\000r\000i\000m\000a\000r\000y\000\040\000w\000a\000l\000l\000s\000\040\000a\000n\000d\000\040\000h\000o\000l\000l\000o\000w\000\040\000r\000o\000o\000m\000s}{section.5}% 23
\BOOKMARK [2][-]{subsection.5.3}{\376\377\000T\000a\000l\000l\000\040\000p\000i\000t\000c\000h\000e\000d\000\040\000r\000o\000o\000f\000\040\000a\000n\000d\000\040\000g\000a\000b\000l\000e\000s}{section.5}% 24
\BOOKMARK [2][-]{subsection.5.4}{\376\377\000D\000o\000r\000m\000e\000r\000s\000,\000\040\000s\000t\000e\000e\000p\000l\000e\000\040\000a\000n\000d\000\040\000c\000h\000i\000m\000n\000e\000y\000s}{section.5}% 25
\BOOKMARK [2][-]{subsection.5.5}{\376\377\000P\000o\000r\000c\000h\000\040\000d\000e\000c\000k\000\040\000a\000n\000d\000\040\000s\000t\000e\000p\000s}{section.5}% 26
\BOOKMARK [2][-]{subsection.5.6}{\376\377\000F\000r\000o\000n\000t\000\040\000d\000o\000o\000r\000w\000a\000y\000\040\000a\000n\000d\000\040\000w\000i\000n\000d\000o\000w\000s}{section.5}% 27
\BOOKMARK [2][-]{subsection.5.7}{\376\377\000W\000e\000a\000t\000h\000e\000r\000i\000n\000g\000\040\000a\000n\000d\000\040\000w\000e\000b\000s}{section.5}% 28
\BOOKMARK [2][-]{subsection.5.8}{\376\377\000W\000h\000o\000l\000e\000-\000b\000u\000i\000l\000d\000i\000n\000g\000\040\000p\000l\000a\000c\000e\000m\000e\000n\000t}{section.5}% 29
\BOOKMARK [1][-]{section.6}{\376\377\000G\000r\000o\000u\000n\000d\000-\000F\000l\000o\000o\000r\000\040\000I\000n\000t\000e\000r\000i\000o\000r\000\040\000a\000n\000d\000\040\000F\000u\000r\000n\000i\000s\000h\000i\000n\000g\000s}{}% 30
\BOOKMARK [2][-]{subsection.6.1}{\376\377\000D\000a\000m\000a\000g\000e\000d\000\040\000f\000l\000o\000o\000r\000b\000o\000a\000r\000d\000s}{section.6}% 31
\BOOKMARK [2][-]{subsection.6.2}{\376\377\000F\000i\000r\000e\000p\000l\000a\000c\000e\000\040\000a\000n\000d\000\040\000h\000e\000a\000r\000t\000h}{section.6}% 32
\BOOKMARK [2][-]{subsection.6.3}{\376\377\000G\000r\000a\000n\000d\000f\000a\000t\000h\000e\000r\000\040\000c\000l\000o\000c\000k}{section.6}% 33
\BOOKMARK [2][-]{subsection.6.4}{\376\377\000T\000a\000b\000l\000e\000s\000,\000\040\000c\000h\000a\000i\000r\000s\000\040\000a\000n\000d\000\040\000o\000v\000e\000r\000t\000u\000r\000n\000e\000d\000\040\000f\000u\000r\000n\000i\000t\000u\000r\000e}{section.6}% 34
\BOOKMARK [2][-]{subsection.6.5}{\376\377\000W\000a\000l\000l\000\040\000o\000r\000n\000a\000m\000e\000n\000t\000\040\000a\000n\000d\000\040\000c\000o\000b\000w\000e\000b\000s}{section.6}% 35
\BOOKMARK [2][-]{subsection.6.6}{\376\377\000F\000i\000r\000s\000t\000-\000f\000l\000o\000o\000r\000\040\000r\000o\000o\000m\000s}{section.6}% 36
\BOOKMARK [1][-]{section.7}{\376\377\000S\000e\000c\000o\000n\000d\000\040\000F\000l\000o\000o\000r\000,\000\040\000B\000e\000d\000r\000o\000o\000m\000,\000\040\000S\000t\000u\000d\000y\000\040\000a\000n\000d\000\040\000S\000t\000a\000i\000r\000c\000a\000s\000e}{}% 37
\BOOKMARK [2][-]{subsection.7.1}{\376\377\000U\000p\000p\000e\000r\000-\000f\000l\000o\000o\000r\000\040\000p\000l\000a\000t\000f\000o\000r\000m}{section.7}% 38
\BOOKMARK [2][-]{subsection.7.2}{\376\377\000F\000i\000f\000t\000e\000e\000n\000-\000s\000t\000e\000p\000\040\000s\000t\000a\000i\000r\000c\000a\000s\000e}{section.7}% 39
\BOOKMARK [2][-]{subsection.7.3}{\376\377\000B\000a\000n\000i\000s\000t\000e\000r\000s\000\040\000a\000n\000d\000\040\000b\000a\000l\000u\000s\000t\000e\000r\000s}{section.7}% 40
\BOOKMARK [2][-]{subsection.7.4}{\376\377\000F\000o\000u\000r\000-\000p\000o\000s\000t\000e\000r\000\040\000b\000e\000d}{section.7}% 41
\BOOKMARK [2][-]{subsection.7.5}{\376\377\000S\000t\000u\000d\000y\000\040\000d\000e\000s\000k\000\040\000a\000n\000d\000\040\000g\000r\000i\000m\000o\000i\000r\000e}{section.7}% 42
\BOOKMARK [2][-]{subsection.7.6}{\376\377\000C\000a\000n\000d\000e\000l\000a\000b\000r\000a\000\040\000a\000n\000d\000\040\000h\000a\000n\000g\000i\000n\000g\000\040\000l\000a\000n\000t\000e\000r\000n}{section.7}% 43
\BOOKMARK [2][-]{subsection.7.7}{\376\377\000U\000p\000p\000e\000r\000\040\000f\000l\000o\000o\000r\000\040\000l\000i\000g\000h\000t\000s}{section.7}% 44
\BOOKMARK [1][-]{section.8}{\376\377\000T\000e\000r\000r\000a\000i\000n\000,\000\040\000P\000a\000t\000h\000w\000a\000y\000\040\000a\000n\000d\000\040\000Y\000a\000r\000d\000\040\000P\000r\000o\000p\000s}{}% 45
\BOOKMARK [2][-]{subsection.8.1}{\376\377\000P\000r\000o\000c\000e\000d\000u\000r\000a\000l\000\040\000g\000r\000o\000u\000n\000d}{section.8}% 46
\BOOKMARK [2][-]{subsection.8.2}{\376\377\000C\000o\000b\000b\000l\000e\000s\000t\000o\000n\000e\000\040\000p\000a\000t\000h\000w\000a\000y}{section.8}% 47
\BOOKMARK [2][-]{subsection.8.3}{\376\377\000T\000e\000r\000r\000a\000i\000n\000\040\000n\000o\000r\000m\000a\000l\000s}{section.8}% 48
\BOOKMARK [2][-]{subsection.8.4}{\376\377\000G\000r\000a\000s\000s\000\040\000a\000n\000d\000\040\000u\000n\000d\000e\000r\000g\000r\000o\000w\000t\000h}{section.8}% 49
\BOOKMARK [2][-]{subsection.8.5}{\376\377\000R\000o\000c\000k\000s\000\040\000a\000n\000d\000\040\000s\000t\000o\000n\000e\000s}{section.8}% 50
\BOOKMARK [2][-]{subsection.8.6}{\376\377\000C\000r\000a\000t\000e\000s\000,\000\040\000b\000u\000c\000k\000e\000t\000s\000\040\000a\000n\000d\000\040\000b\000a\000r\000r\000e\000l\000s}{section.8}% 51
\BOOKMARK [2][-]{subsection.8.7}{\376\377\000S\000i\000g\000n\000s\000,\000\040\000l\000a\000m\000p\000p\000o\000s\000t\000s\000\040\000a\000n\000d\000\040\000o\000u\000t\000d\000o\000o\000r\000\040\000f\000u\000r\000n\000i\000t\000u\000r\000e}{section.8}% 52
\BOOKMARK [2][-]{subsection.8.8}{\376\377\000P\000u\000d\000d\000l\000e\000\040\000r\000o\000u\000t\000i\000n\000e\000s}{section.8}% 53
\BOOKMARK [1][-]{section.9}{\376\377\000T\000r\000e\000e\000s\000,\000\040\000V\000e\000g\000e\000t\000a\000t\000i\000o\000n\000\040\000a\000n\000d\000\040\000F\000a\000l\000l\000i\000n\000g\000\040\000L\000e\000a\000v\000e\000s}{}% 54
\BOOKMARK [2][-]{subsection.9.1}{\376\377\000D\000e\000c\000i\000d\000u\000o\000u\000s\000\040\000t\000r\000e\000e\000s}{section.9}% 55
\BOOKMARK [2][-]{subsection.9.2}{\376\377\000P\000i\000n\000e\000\040\000t\000r\000e\000e\000s}{section.9}% 56
\BOOKMARK [2][-]{subsection.9.3}{\376\377\000T\000w\000i\000s\000t\000e\000d\000\040\000G\000o\000t\000h\000i\000c\000\040\000t\000r\000e\000e\000s}{section.9}% 57
\BOOKMARK [2][-]{subsection.9.4}{\376\377\000R\000o\000o\000t\000\040\000f\000l\000a\000r\000e\000s}{section.9}% 58
\BOOKMARK [2][-]{subsection.9.5}{\376\377\000S\000t\000a\000b\000l\000e\000\040\000p\000r\000o\000c\000e\000d\000u\000r\000a\000l\000\040\000v\000a\000r\000i\000a\000t\000i\000o\000n}{section.9}% 59
\BOOKMARK [2][-]{subsection.9.6}{\376\377\000F\000a\000l\000l\000i\000n\000g\000\040\000l\000e\000a\000v\000e\000s}{section.9}% 60
\BOOKMARK [2][-]{subsection.9.7}{\376\377\000W\000i\000n\000d\000\040\000s\000w\000a\000y}{section.9}% 61
\BOOKMARK [1][-]{section.10}{\376\377\000G\000r\000a\000v\000e\000y\000a\000r\000d\000\040\000a\000n\000d\000\040\000H\000a\000l\000l\000o\000w\000e\000e\000n\000\040\000P\000r\000o\000p\000s}{}% 62
\BOOKMARK [2][-]{subsection.10.1}{\376\377\000A\000r\000c\000h\000e\000d\000\040\000h\000e\000a\000d\000s\000t\000o\000n\000e\000s}{section.10}% 63
\BOOKMARK [2][-]{subsection.10.2}{\376\377\000C\000e\000l\000t\000i\000c\000\040\000c\000r\000o\000s\000s\000e\000s}{section.10}% 64
\BOOKMARK [2][-]{subsection.10.3}{\376\377\000S\000t\000o\000n\000e\000\040\000c\000r\000o\000s\000s\000e\000s\000\040\000a\000n\000d\000\040\000s\000a\000r\000c\000o\000p\000h\000a\000g\000i}{section.10}% 65
\BOOKMARK [2][-]{subsection.10.4}{\376\377\000B\000u\000r\000i\000a\000l\000\040\000m\000o\000u\000n\000d\000s}{section.10}% 66
\BOOKMARK [2][-]{subsection.10.5}{\376\377\000B\000r\000o\000k\000e\000n\000\040\000f\000e\000n\000c\000e}{section.10}% 67
\BOOKMARK [2][-]{subsection.10.6}{\376\377\000C\000a\000r\000v\000e\000d\000\040\000p\000u\000m\000p\000k\000i\000n\000s}{section.10}% 68
\BOOKMARK [2][-]{subsection.10.7}{\376\377\000L\000i\000g\000h\000t\000i\000n\000g\000\040\000d\000i\000s\000t\000i\000n\000c\000t\000i\000o\000n}{section.10}% 69
\BOOKMARK [1][-]{section.11}{\376\377\000R\000u\000s\000t\000e\000d\000\040\000V\000i\000n\000t\000a\000g\000e\000\040\000V\000e\000h\000i\000c\000l\000e}{}% 70
\BOOKMARK [2][-]{subsection.11.1}{\376\377\000B\000o\000d\000y\000\040\000a\000n\000d\000\040\000c\000a\000b\000i\000n}{section.11}% 71
\BOOKMARK [2][-]{subsection.11.2}{\376\377\000W\000h\000e\000e\000l\000s\000\040\000a\000n\000d\000\040\000t\000i\000r\000e\000s}{section.11}% 72
\BOOKMARK [2][-]{subsection.11.3}{\376\377\000G\000r\000i\000l\000l\000e\000\040\000a\000n\000d\000\040\000b\000u\000m\000p\000e\000r\000s}{section.11}% 73
\BOOKMARK [2][-]{subsection.11.4}{\376\377\000W\000i\000n\000d\000o\000w\000s}{section.11}% 74
\BOOKMARK [2][-]{subsection.11.5}{\376\377\000I\000n\000t\000e\000r\000i\000o\000r\000\040\000d\000e\000t\000a\000i\000l}{section.11}% 75
\BOOKMARK [2][-]{subsection.11.6}{\376\377\000O\000p\000e\000n\000e\000d\000\040\000d\000o\000o\000r}{section.11}% 76
\BOOKMARK [2][-]{subsection.11.7}{\376\377\000P\000l\000a\000c\000e\000m\000e\000n\000t}{section.11}% 77
\BOOKMARK [1][-]{section.12}{\376\377\000A\000n\000i\000m\000a\000l\000s\000,\000\040\000B\000a\000t\000s\000\040\000a\000n\000d\000\040\000C\000l\000o\000u\000d\000s}{}% 78
\BOOKMARK [2][-]{subsection.12.1}{\376\377\000B\000l\000a\000c\000k\000\040\000c\000a\000t}{section.12}% 79
\BOOKMARK [2][-]{subsection.12.2}{\376\377\000O\000w\000l}{section.12}% 80
\BOOKMARK [2][-]{subsection.12.3}{\376\377\000B\000a\000t\000\040\000m\000o\000d\000e\000l}{section.12}% 81
\BOOKMARK [2][-]{subsection.12.4}{\376\377\000B\000a\000t\000\040\000s\000w\000a\000r\000m}{section.12}% 82
\BOOKMARK [2][-]{subsection.12.5}{\376\377\000C\000l\000o\000u\000d\000\040\000v\000o\000l\000u\000m\000e\000s}{section.12}% 83
\BOOKMARK [2][-]{subsection.12.6}{\376\377\000C\000l\000o\000u\000d\000\040\000d\000r\000i\000f\000t}{section.12}% 84
\BOOKMARK [2][-]{subsection.12.7}{\376\377\000C\000l\000o\000u\000d\000\040\000s\000h\000a\000d\000o\000w\000\040\000c\000a\000s\000t\000e\000r\000s}{section.12}% 85
\BOOKMARK [1][-]{section.13}{\376\377\000L\000i\000g\000h\000t\000i\000n\000g\000\040\000a\000n\000d\000\040\000t\000h\000e\000\040\000R\000e\000f\000l\000e\000c\000t\000i\000o\000n\000\040\000M\000o\000d\000e\000l}{}% 86
\BOOKMARK [2][-]{subsection.13.1}{\376\377\000A\000m\000b\000i\000e\000n\000t\000,\000\040\000d\000i\000f\000f\000u\000s\000e\000,\000\040\000s\000p\000e\000c\000u\000l\000a\000r\000\040\000a\000n\000d\000\040\000e\000m\000i\000s\000s\000i\000v\000e\000\040\000t\000e\000r\000m\000s}{section.13}% 87
\BOOKMARK [2][-]{subsection.13.2}{\376\377\000L\000i\000g\000h\000t\000-\000s\000o\000u\000r\000c\000e\000\040\000i\000n\000v\000e\000n\000t\000o\000r\000y}{section.13}% 88
\BOOKMARK [2][-]{subsection.13.3}{\376\377\000D\000i\000s\000t\000a\000n\000c\000e\000\040\000a\000t\000t\000e\000n\000u\000a\000t\000i\000o\000n}{section.13}% 89
\BOOKMARK [2][-]{subsection.13.4}{\376\377\000S\000p\000o\000t\000l\000i\000g\000h\000t\000\040\000d\000i\000r\000e\000c\000t\000i\000o\000n\000\040\000a\000n\000d\000\040\000c\000o\000n\000e}{section.13}% 90
\BOOKMARK [2][-]{subsection.13.5}{\376\377\000M\000a\000t\000e\000r\000i\000a\000l\000\040\000c\000o\000e\000f\000f\000i\000c\000i\000e\000n\000t\000s\000\040\000a\000n\000d\000\040\000s\000h\000a\000d\000i\000n\000g\000\040\000i\000m\000p\000l\000e\000m\000e\000n\000t\000a\000t\000i\000o\000n}{section.13}% 91
\BOOKMARK [1][-]{section.14}{\376\377\000P\000l\000a\000n\000a\000r\000\040\000S\000h\000a\000d\000o\000w\000\040\000P\000r\000o\000j\000e\000c\000t\000i\000o\000n\000\040\000a\000n\000d\000\040\000S\000t\000e\000n\000c\000i\000l\000\040\000P\000r\000o\000c\000e\000s\000s\000i\000n\000g}{}% 92
\BOOKMARK [2][-]{subsection.14.1}{\376\377\000P\000r\000o\000j\000e\000c\000t\000i\000o\000n\000\040\000m\000a\000t\000r\000i\000x\000\040\000d\000e\000r\000i\000v\000a\000t\000i\000o\000n}{section.14}% 93
\BOOKMARK [2][-]{subsection.14.2}{\376\377\000R\000e\000n\000d\000e\000r\000\040\000p\000a\000s\000s\000e\000s\000\040\000a\000n\000d\000\040\000s\000t\000e\000n\000c\000i\000l\000\040\000l\000o\000g\000i\000c}{section.14}% 94
\BOOKMARK [2][-]{subsection.14.3}{\376\377\000S\000h\000a\000d\000o\000w\000\040\000c\000a\000s\000t\000e\000r\000s\000\040\000a\000n\000d\000\040\000p\000r\000a\000c\000t\000i\000c\000a\000l\000\040\000l\000i\000m\000i\000t\000a\000t\000i\000o\000n\000s}{section.14}% 95
\BOOKMARK [1][-]{section.15}{\376\377\000T\000e\000x\000t\000u\000r\000e\000\040\000M\000a\000p\000p\000i\000n\000g\000\040\000a\000n\000d\000\040\000S\000u\000r\000f\000a\000c\000e\000\040\000A\000p\000p\000e\000a\000r\000a\000n\000c\000e}{}% 96
\BOOKMARK [2][-]{subsection.15.1}{\376\377\000T\000e\000x\000t\000u\000r\000e\000\040\000c\000l\000a\000s\000s\000e\000s\000\040\000a\000n\000d\000\040\000i\000d\000e\000n\000t\000i\000f\000i\000e\000r\000s}{section.15}% 97
\BOOKMARK [2][-]{subsection.15.2}{\376\377\000S\000a\000m\000p\000l\000i\000n\000g\000,\000\040\000m\000i\000p\000m\000a\000p\000s\000\040\000a\000n\000d\000\040\000m\000o\000d\000u\000l\000a\000t\000i\000o\000n}{section.15}% 98
\BOOKMARK [2][-]{subsection.15.3}{\376\377\000U\000V\000\040\000c\000o\000o\000r\000d\000i\000n\000a\000t\000e\000\040\000b\000e\000h\000a\000v\000i\000o\000r}{section.15}% 99
\BOOKMARK [1][-]{section.16}{\376\377\000T\000e\000r\000r\000a\000i\000n\000\040\000M\000a\000t\000h\000e\000m\000a\000t\000i\000c\000s\000\040\000a\000n\000d\000\040\000P\000r\000o\000c\000e\000d\000u\000r\000a\000l\000\040\000P\000l\000a\000c\000e\000m\000e\000n\000t}{}% 100
\BOOKMARK [2][-]{subsection.16.1}{\376\377\000H\000e\000i\000g\000h\000t\000\040\000f\000u\000n\000c\000t\000i\000o\000n}{section.16}% 101
\BOOKMARK [2][-]{subsection.16.2}{\376\377\000F\000i\000n\000i\000t\000e\000-\000d\000i\000f\000f\000e\000r\000e\000n\000c\000e\000\040\000n\000o\000r\000m\000a\000l}{section.16}% 102
\BOOKMARK [2][-]{subsection.16.3}{\376\377\000R\000o\000a\000d\000\040\000c\000e\000n\000t\000e\000r\000l\000i\000n\000e\000\040\000a\000n\000d\000\040\000s\000m\000o\000o\000t\000h\000s\000t\000e\000p}{section.16}% 103
\BOOKMARK [1][-]{section.17}{\376\377\000A\000n\000i\000m\000a\000t\000i\000o\000n\000\040\000a\000n\000d\000\040\000T\000e\000m\000p\000o\000r\000a\000l\000\040\000E\000f\000f\000e\000c\000t\000s}{}% 104
\BOOKMARK [2][-]{subsection.17.1}{\376\377\000H\000a\000n\000g\000i\000n\000g\000\040\000b\000u\000l\000b\000\040\000s\000w\000a\000y}{section.17}% 105
\BOOKMARK [2][-]{subsection.17.2}{\376\377\000B\000u\000l\000b\000\040\000a\000n\000d\000\040\000c\000a\000n\000d\000l\000e\000\040\000f\000l\000i\000c\000k\000e\000r}{section.17}% 106
\BOOKMARK [2][-]{subsection.17.3}{\376\377\000L\000i\000g\000h\000t\000n\000i\000n\000g\000\040\000s\000t\000a\000t\000e\000\040\000m\000a\000c\000h\000i\000n\000e}{section.17}% 107
\BOOKMARK [2][-]{subsection.17.4}{\376\377\000M\000o\000v\000i\000n\000g\000\040\000c\000l\000o\000u\000d\000s\000,\000\040\000l\000e\000a\000v\000e\000s\000\040\000a\000n\000d\000\040\000b\000a\000t\000s}{section.17}% 108
\BOOKMARK [1][-]{section.18}{\376\377\000C\000a\000m\000e\000r\000a\000,\000\040\000P\000e\000r\000s\000p\000e\000c\000t\000i\000v\000e\000,\000\040\000C\000o\000l\000l\000i\000s\000i\000o\000n\000\040\000a\000n\000d\000\040\000N\000a\000v\000i\000g\000a\000t\000i\000o\000n}{}% 109
\BOOKMARK [2][-]{subsection.18.1}{\376\377\000V\000i\000e\000w\000i\000n\000g\000\040\000d\000i\000r\000e\000c\000t\000i\000o\000n}{section.18}% 110
\BOOKMARK [2][-]{subsection.18.2}{\376\377\000K\000e\000y\000b\000o\000a\000r\000d\000\040\000a\000n\000d\000\040\000m\000o\000u\000s\000e\000\040\000i\000n\000p\000u\000t}{section.18}% 111
\BOOKMARK [2][-]{subsection.18.3}{\376\377\000H\000o\000u\000s\000e\000\040\000a\000n\000d\000\040\000t\000e\000r\000r\000a\000i\000n\000\040\000n\000a\000v\000i\000g\000a\000t\000i\000o\000n}{section.18}% 112
\BOOKMARK [2][-]{subsection.18.4}{\376\377\000C\000i\000n\000e\000m\000a\000t\000i\000c\000\040\000t\000o\000u\000r}{section.18}% 113
\BOOKMARK [1][-]{section.19}{\376\377\000I\000n\000t\000e\000r\000a\000c\000t\000i\000v\000i\000t\000y\000,\000\040\000H\000U\000D\000\040\000a\000n\000d\000\040\000A\000p\000p\000l\000i\000c\000a\000t\000i\000o\000n\000\040\000S\000t\000a\000t\000e\000s}{}% 114
\BOOKMARK [2][-]{subsection.19.1}{\376\377\000T\000i\000t\000l\000e\000\040\000a\000n\000d\000\040\000H\000U\000D}{section.19}% 115
\BOOKMARK [2][-]{subsection.19.2}{\376\377\000V\000e\000r\000i\000f\000i\000e\000d\000\040\000c\000o\000n\000t\000r\000o\000l\000\040\000i\000n\000v\000e\000n\000t\000o\000r\000y}{section.19}% 116
\BOOKMARK [2][-]{subsection.19.3}{\376\377\000A\000c\000t\000u\000a\000l\000\040\000f\000o\000g\000\040\000b\000e\000h\000a\000v\000i\000o\000r}{section.19}% 117
\BOOKMARK [1][-]{section.20}{\376\377\000A\000u\000d\000i\000o\000,\000\040\000S\000c\000r\000e\000e\000n\000s\000h\000o\000t\000\040\000C\000a\000p\000t\000u\000r\000e\000\040\000a\000n\000d\000\040\000A\000s\000s\000e\000t\000s}{}% 118
\BOOKMARK [2][-]{subsection.20.1}{\376\377\000S\000c\000r\000e\000e\000n\000s\000h\000o\000t\000\040\000i\000n\000t\000e\000r\000f\000a\000c\000e}{section.20}% 119
\BOOKMARK [2][-]{subsection.20.2}{\376\377\000S\000o\000u\000n\000d\000\040\000i\000n\000t\000e\000g\000r\000a\000t\000i\000o\000n}{section.20}% 120
\BOOKMARK [2][-]{subsection.20.3}{\376\377\000A\000s\000s\000e\000t\000\040\000s\000t\000r\000a\000t\000e\000g\000y}{section.20}% 121
\BOOKMARK [1][-]{section.21}{\376\377\000R\000e\000n\000d\000e\000r\000i\000n\000g\000\040\000S\000e\000q\000u\000e\000n\000c\000e\000\040\000a\000n\000d\000\040\000O\000p\000e\000n\000G\000L\000\040\000S\000t\000a\000t\000e\000\040\000M\000a\000n\000a\000g\000e\000m\000e\000n\000t}{}% 122
\BOOKMARK [2][-]{subsection.21.1}{\376\377\000S\000c\000e\000n\000e\000\040\000c\000o\000m\000p\000o\000s\000i\000t\000i\000o\000n\000\040\000o\000r\000d\000e\000r}{section.21}% 123
\BOOKMARK [2][-]{subsection.21.2}{\376\377\000D\000e\000p\000t\000h\000,\000\040\000d\000o\000u\000b\000l\000e\000\040\000b\000u\000f\000f\000e\000r\000i\000n\000g\000\040\000a\000n\000d\000\040\000n\000o\000r\000m\000a\000l\000\040\000c\000o\000r\000r\000e\000c\000t\000i\000o\000n}{section.21}% 124
\BOOKMARK [2][-]{subsection.21.3}{\376\377\000T\000r\000a\000n\000s\000p\000a\000r\000e\000n\000c\000y\000\040\000a\000n\000d\000\040\000b\000l\000e\000n\000d\000\040\000m\000o\000d\000e\000s}{section.21}% 125
\BOOKMARK [1][-]{section.22}{\376\377\000A\000l\000g\000o\000r\000i\000t\000h\000m\000i\000c\000\040\000D\000e\000t\000a\000i\000l\000s\000\040\000a\000n\000d\000\040\000S\000o\000u\000r\000c\000e\000-\000L\000e\000v\000e\000l\000\040\000E\000x\000a\000m\000p\000l\000e\000s}{}% 126
\BOOKMARK [2][-]{subsection.22.1}{\376\377\000H\000o\000u\000s\000e\000\040\000p\000a\000r\000e\000n\000t\000\040\000t\000r\000a\000n\000s\000f\000o\000r\000m}{section.22}% 127
\BOOKMARK [2][-]{subsection.22.2}{\376\377\000T\000e\000r\000r\000a\000i\000n\000\040\000n\000o\000r\000m\000a\000l}{section.22}% 128
\BOOKMARK [2][-]{subsection.22.3}{\376\377\000C\000a\000m\000e\000r\000a\000\040\000p\000e\000r\000s\000p\000e\000c\000t\000i\000v\000e}{section.22}% 129
\BOOKMARK [2][-]{subsection.22.4}{\376\377\000L\000i\000g\000h\000t\000\040\000a\000t\000t\000e\000n\000u\000a\000t\000i\000o\000n}{section.22}% 130
\BOOKMARK [2][-]{subsection.22.5}{\376\377\000T\000i\000m\000e\000d\000\040\000u\000p\000d\000a\000t\000e}{section.22}% 131
\BOOKMARK [1][-]{section.23}{\376\377\000E\000v\000a\000l\000u\000a\000t\000i\000o\000n\000\040\000a\000n\000d\000\040\000R\000e\000p\000r\000o\000d\000u\000c\000i\000b\000l\000e\000\040\000T\000e\000s\000t\000\040\000P\000l\000a\000n}{}% 132
\BOOKMARK [2][-]{subsection.23.1}{\376\377\000F\000u\000n\000c\000t\000i\000o\000n\000a\000l\000\040\000t\000e\000s\000t\000s}{section.23}% 133
\BOOKMARK [2][-]{subsection.23.2}{\376\377\000S\000c\000r\000e\000e\000n\000s\000h\000o\000t\000\040\000e\000v\000i\000d\000e\000n\000c\000e\000\040\000s\000h\000e\000e\000t}{section.23}% 134
\BOOKMARK [1][-]{section.24}{\376\377\000L\000i\000m\000i\000t\000a\000t\000i\000o\000n\000s\000\040\000a\000n\000d\000\040\000P\000o\000s\000s\000i\000b\000l\000e\000\040\000I\000m\000p\000r\000o\000v\000e\000m\000e\000n\000t\000s}{}% 135
\BOOKMARK [2][-]{subsection.24.1}{\376\377\000L\000i\000m\000i\000t\000a\000t\000i\000o\000n\000s\000\040\000e\000s\000t\000a\000b\000l\000i\000s\000h\000e\000d\000\040\000b\000y\000\040\000s\000o\000u\000r\000c\000e\000\040\000i\000n\000s\000p\000e\000c\000t\000i\000o\000n}{section.24}% 136
\BOOKMARK [2][-]{subsection.24.2}{\376\377\000F\000u\000t\000u\000r\000e\000\040\000w\000o\000r\000k}{section.24}% 137
\BOOKMARK [1][-]{section.25}{\376\377\000C\000o\000n\000c\000l\000u\000s\000i\000o\000n}{}% 138
\BOOKMARK [1][-]{appendix.A}{\376\377\000F\000u\000l\000l\000\040\000S\000o\000u\000r\000c\000e\000\040\000I\000n\000v\000e\000n\000t\000o\000r\000y\000\040\000a\000n\000d\000\040\000F\000u\000n\000c\000t\000i\000o\000n\000\040\000M\000a\000p}{}% 139
\BOOKMARK [2][-]{subsection.A.1}{\376\377\000s\000r\000c\000/\000e\000n\000t\000i\000t\000i\000e\000s\000/\000H\000o\000u\000s\000e\000.\000c\000p\000p}{appendix.A}% 140
\BOOKMARK [2][-]{subsection.A.2}{\376\377\000s\000r\000c\000/\000e\000n\000t\000i\000t\000i\000e\000s\000/\000T\000e\000r\000r\000a\000i\000n\000.\000c\000p\000p}{appendix.A}% 141
\BOOKMARK [2][-]{subsection.A.3}{\376\377\000s\000r\000c\000/\000e\000n\000t\000i\000t\000i\000e\000s\000/\000G\000r\000a\000v\000e\000y\000a\000r\000d\000.\000c\000p\000p}{appendix.A}% 142
\BOOKMARK [2][-]{subsection.A.4}{\376\377\000s\000r\000c\000/\000e\000n\000t\000i\000t\000i\000e\000s\000/\000P\000r\000o\000p\000s\000.\000c\000p\000p}{appendix.A}% 143
\BOOKMARK [2][-]{subsection.A.5}{\376\377\000s\000r\000c\000/\000e\000n\000t\000i\000t\000i\000e\000s\000/\000V\000e\000g\000e\000t\000a\000t\000i\000o\000n\000.\000c\000p\000p}{appendix.A}% 144
\BOOKMARK [2][-]{subsection.A.6}{\376\377\000s\000r\000c\000/\000e\000n\000t\000i\000t\000i\000e\000s\000/\000P\000a\000r\000t\000i\000c\000l\000e\000s\000.\000c\000p\000p}{appendix.A}% 145
\BOOKMARK [2][-]{subsection.A.7}{\376\377\000s\000r\000c\000/\000e\000n\000t\000i\000t\000i\000e\000s\000/\000C\000r\000e\000a\000t\000u\000r\000e\000s\000.\000c\000p\000p}{appendix.A}% 146
\BOOKMARK [2][-]{subsection.A.8}{\376\377\000s\000r\000c\000/\000e\000n\000t\000i\000t\000i\000e\000s\000/\000C\000l\000o\000u\000d\000s\000.\000c\000p\000p}{appendix.A}% 147
\BOOKMARK [2][-]{subsection.A.9}{\376\377\000s\000r\000c\000/\000g\000r\000a\000p\000h\000i\000c\000s\000/\000P\000r\000i\000m\000i\000t\000i\000v\000e\000s\000.\000c\000p\000p}{appendix.A}% 148
\BOOKMARK [2][-]{subsection.A.10}{\376\377\000s\000r\000c\000/\000g\000r\000a\000p\000h\000i\000c\000s\000/\000S\000h\000a\000d\000o\000w\000.\000c\000p\000p}{appendix.A}% 149
\BOOKMARK [2][-]{subsection.A.11}{\376\377\000s\000r\000c\000/\000g\000r\000a\000p\000h\000i\000c\000s\000/\000T\000e\000x\000t\000u\000r\000e\000M\000a\000n\000a\000g\000e\000r\000.\000c\000p\000p}{appendix.A}% 150
\BOOKMARK [2][-]{subsection.A.12}{\376\377\000s\000r\000c\000/\000c\000o\000r\000e\000/\000C\000a\000m\000e\000r\000a\000.\000c\000p\000p}{appendix.A}% 151
